// Jest Snapshot v1, https://goo.gl/fbAQLP

exports[`source-map-loader should add only valid \`sources\` with \`sourceContent\` to dependencies: css 1`] = `
"// Dependencies
"
`;

exports[`source-map-loader should add only valid \`sources\` with \`sourceContent\` to dependencies: errors 1`] = `Array []`;

exports[`source-map-loader should add only valid \`sources\` with \`sourceContent\` to dependencies: map 1`] = `
Object {
  "file": "inline-sources.js",
  "mappings": "AAAA",
  "sources": Array [
    "/test/fixtures/data/relative-sourceRoot-source-map.txt - (normalized for test)",
    "/test/fixtures/data/not-found.txt - (normalized for test)",
    "",
    "data:invalid;A;a",
  ],
  "sourcesContent": Array [
    "foo",
    "bar",
    "",
    "baz",
  ],
  "version": 3,
}
`;

exports[`source-map-loader should add only valid \`sources\` with \`sourceContent\` to dependencies: warnings 1`] = `
Array [
  "ModuleWarning: Module Warning (from \`replaced original path\`):
Failed to parse source map from \\"data\\" URL: data:invalid;A;a",
]
`;
